// Vitest Snapshot v1, https://vitest.dev/guide/snapshot.html

exports[`Barchart functions correctly 1`] = `
<DocumentFragment>
  <div
    class="MuiBox-root css-6vcxt"
  >
    <canvas
      height="150"
      role="img"
      width="300"
    />
  </div>
</DocumentFragment>
`;
